Versi├│n de MSBuild 17.9.4+90725d08d para .NET
  Determinando los proyectos que se van a restaurar...
  Todos los proyectos est├ín actualizados para la restauraci├│n.
  eulalia-backend.Domain -> C:\Users\User\Documents\David\Personal\Proyectos\DigitalvoterID\coding\eulalia-backend\eulalia-backend.Domain\bin\Debug\net8.0\eulalia-backend.Domain.dll
  eulalia-backend.Shared -> C:\Users\User\Documents\David\Personal\Proyectos\DigitalvoterID\coding\eulalia-backend\eulalia-backend.Shared\bin\Debug\net8.0\eulalia-backend.Shared.dll
C:\Users\User\Documents\David\Personal\Proyectos\DigitalvoterID\coding\eulalia-backend\eulalia-backend.Application\Services\SSIService.cs(33,40): error CS1061: "SSI" no contiene una definici├│n para "Cedula_Ciudadano" ni un m├®todo de extensi├│n accesible "Cedula_Ciudadano" que acepte un primer argumento del tipo "SSI" (┬┐falta alguna directiva using o una referencia de ensamblado?) [C:\Users\User\Documents\David\Personal\Proyectos\DigitalvoterID\coding\eulalia-backend\eulalia-backend.Application\eulalia-backend.Application.csproj]
C:\Users\User\Documents\David\Personal\Proyectos\DigitalvoterID\coding\eulalia-backend\eulalia-backend.Application\Services\OrganizacionService.cs(79,25): error CS1061: "IRepository<Organizacion>" no contiene una definici├│n para "Delete" ni un m├®todo de extensi├│n accesible "Delete" que acepte un primer argumento del tipo "IRepository<Organizacion>" (┬┐falta alguna directiva using o una referencia de ensamblado?) [C:\Users\User\Documents\David\Personal\Proyectos\DigitalvoterID\coding\eulalia-backend\eulalia-backend.Application\eulalia-backend.Application.csproj]
C:\Users\User\Documents\David\Personal\Proyectos\DigitalvoterID\coding\eulalia-backend\eulalia-backend.Application\Services\ProvinciaService.cs(66,25): error CS1061: "IRepository<Provincia>" no contiene una definici├│n para "Delete" ni un m├®todo de extensi├│n accesible "Delete" que acepte un primer argumento del tipo "IRepository<Provincia>" (┬┐falta alguna directiva using o una referencia de ensamblado?) [C:\Users\User\Documents\David\Personal\Proyectos\DigitalvoterID\coding\eulalia-backend\eulalia-backend.Application\eulalia-backend.Application.csproj]

ERROR al compilar.

C:\Users\User\Documents\David\Personal\Proyectos\DigitalvoterID\coding\eulalia-backend\eulalia-backend.Application\Services\SSIService.cs(33,40): error CS1061: "SSI" no contiene una definici├│n para "Cedula_Ciudadano" ni un m├®todo de extensi├│n accesible "Cedula_Ciudadano" que acepte un primer argumento del tipo "SSI" (┬┐falta alguna directiva using o una referencia de ensamblado?) [C:\Users\User\Documents\David\Personal\Proyectos\DigitalvoterID\coding\eulalia-backend\eulalia-backend.Application\eulalia-backend.Application.csproj]
C:\Users\User\Documents\David\Personal\Proyectos\DigitalvoterID\coding\eulalia-backend\eulalia-backend.Application\Services\OrganizacionService.cs(79,25): error CS1061: "IRepository<Organizacion>" no contiene una definici├│n para "Delete" ni un m├®todo de extensi├│n accesible "Delete" que acepte un primer argumento del tipo "IRepository<Organizacion>" (┬┐falta alguna directiva using o una referencia de ensamblado?) [C:\Users\User\Documents\David\Personal\Proyectos\DigitalvoterID\coding\eulalia-backend\eulalia-backend.Application\eulalia-backend.Application.csproj]
C:\Users\User\Documents\David\Personal\Proyectos\DigitalvoterID\coding\eulalia-backend\eulalia-backend.Application\Services\ProvinciaService.cs(66,25): error CS1061: "IRepository<Provincia>" no contiene una definici├│n para "Delete" ni un m├®todo de extensi├│n accesible "Delete" que acepte un primer argumento del tipo "IRepository<Provincia>" (┬┐falta alguna directiva using o una referencia de ensamblado?) [C:\Users\User\Documents\David\Personal\Proyectos\DigitalvoterID\coding\eulalia-backend\eulalia-backend.Application\eulalia-backend.Application.csproj]
    0 Advertencia(s)
    3 Errores

Tiempo transcurrido 00:00:02.56
